###############################################################################
#
# IAR ELF Linker V8.40.1.212/W32 for ARM                  21/Oct/2019  00:04:32
# Copyright 2007-2019 IAR Systems AB.
#
#    Output file  =
#        \\vmware-host\Shared
#        Folders\shared-folders\embsys100\embsys100\assignment02\Debug\Exe\assignment02.out
#    Map file     =
#        \\vmware-host\Shared
#        Folders\shared-folders\embsys100\embsys100\assignment02\Debug\List\assignment02.map
#    Command line =
#        -f C:\Users\jim\AppData\Local\Temp\EW82CA.tmp ("\\vmware-host\Shared
#        Folders\shared-folders\embsys100\embsys100\assignment02\Debug\Obj\main.o"
#        --no_out_extension -o "\\vmware-host\Shared
#        Folders\shared-folders\embsys100\embsys100\assignment02\Debug\Exe\assignment02.out"
#        --redirect _Printf=_PrintfFullNoMb --redirect _Scanf=_ScanfFullNoMb
#        --map "\\vmware-host\Shared
#        Folders\shared-folders\embsys100\embsys100\assignment02\Debug\List\assignment02.map"
#        --config "C:\Program Files (x86)\IAR Systems\Embedded Workbench
#        8.3\arm\config\linker\ST\stm32f401xE.icf" --semihosting --entry
#        __iar_program_start --vfe --text_out locale)
#
###############################################################################

*******************************************************************************
*** RUNTIME MODEL ATTRIBUTES
***

CppFlavor       = *
__SystemLibrary = DLib
__dlib_version  = 6


*******************************************************************************
*** HEAP SELECTION
***

The basic heap was selected because some modules are built with
size limitations (and not runtime checking), and --advanced_heap
was not specified.


*******************************************************************************
*** PLACEMENT SUMMARY
***

"A0":  place at address 0x800'0000 { ro section .intvec };
"P1":  place in [from 0x800'0000 to 0x807'ffff] { ro };
define block CSTACK with size = 8K, alignment = 8 { };
define block HEAP with size = 8K, alignment = 8 { };
"P2":  place in [from 0x2000'0000 to 0x2001'7fff] {
          rw, block CSTACK, block HEAP };

  Section          Kind         Address    Size  Object
  -------          ----         -------    ----  ------
"A0":                                      0x40
  .intvec          ro code   0x800'0000    0x40  vector_table_M.o [3]
                           - 0x800'0040    0x40

"P1":                                      0xf0
  .text            ro code   0x800'0040    0x3a  zero_init3.o [3]
  .text            ro code   0x800'007a     0x2  vector_table_M.o [3]
  .text            ro code   0x800'007c    0x28  main.o [1]
  .text            ro code   0x800'00a4    0x28  data_init.o [3]
  .iar.init_table  const     0x800'00cc    0x10  - Linker created -
  .text            ro code   0x800'00dc    0x1e  cmain.o [3]
  .text            ro code   0x800'00fa     0x4  low_level_init.o [2]
  .text            ro code   0x800'00fe     0x4  exit.o [2]
  .text            ro code   0x800'0104     0xa  cexit.o [3]
  .text            ro code   0x800'0110    0x14  exit.o [4]
  .text            ro code   0x800'0124     0xc  cstartup_M.o [3]
  .rodata          const     0x800'0130     0x0  zero_init3.o [3]
                           - 0x800'0130    0xf0

"P2", part 1 of 2:                          0x4
  .bss             zero     0x2000'0000     0x4  main.o [1]
                          - 0x2000'0004     0x4

"P2", part 2 of 2:                       0x2000
  CSTACK                    0x2000'0008  0x2000  <Block>
    CSTACK         uninit   0x2000'0008  0x2000  <Block tail>
                          - 0x2000'2008  0x2000

Unused ranges:

         From           To      Size
         ----           --      ----
   0x800'0130   0x807'ffff  0x7'fed0
  0x2000'0004  0x2000'0007       0x4
  0x2000'2008  0x2001'7fff  0x1'5ff8


*******************************************************************************
*** INIT TABLE
***

          Address      Size
          -------      ----
Zero (__iar_zero_init3)
    1 destination range, total size 0x4:
          0x2000'0000   0x4



*******************************************************************************
*** MODULE SUMMARY
***

    Module            ro code  ro data  rw data
    ------            -------  -------  -------
command line/config:
    -------------------------------------------
    Total:

\\vmware-host\Shared Folders\shared-folders\embsys100\embsys100\assignment02\Debug\Obj: [1]
    main.o                 40                 4
    -------------------------------------------
    Total:                 40                 4

dl7M_tln.a: [2]
    exit.o                  4
    low_level_init.o        4
    -------------------------------------------
    Total:                  8

rt7M_tl.a: [3]
    cexit.o                10
    cmain.o                30
    cstartup_M.o           12
    data_init.o            40
    vector_table_M.o       66
    zero_init3.o           58
    -------------------------------------------
    Total:                216

shb_l.a: [4]
    exit.o                 20
    -------------------------------------------
    Total:                 20

    Gaps                    4
    Linker created                  16    8'192
-----------------------------------------------
    Grand Total:          288       16    8'196


*******************************************************************************
*** ENTRY LIST
***

Entry                       Address  Size  Type      Object
-----                       -------  ----  ----      ------
.iar.init_table$$Base    0x800'00cc         --   Gb  - Linker created -
.iar.init_table$$Limit   0x800'00dc         --   Gb  - Linker created -
?main                    0x800'00dd        Code  Gb  cmain.o [3]
CSTACK$$Base            0x2000'0008         --   Gb  - Linker created -
CSTACK$$Limit           0x2000'2008         --   Gb  - Linker created -
Region$$Table$$Base      0x800'00cc         --   Gb  - Linker created -
Region$$Table$$Limit     0x800'00dc         --   Gb  - Linker created -
__cmain                  0x800'00dd        Code  Gb  cmain.o [3]
__exit                   0x800'0111  0x14  Code  Gb  exit.o [4]
__iar_data_init3         0x800'00a5  0x28  Code  Gb  data_init.o [3]
__iar_program_start      0x800'0125        Code  Gb  cstartup_M.o [3]
__iar_zero_init3         0x800'0041  0x3a  Code  Gb  zero_init3.o [3]
__low_level_init         0x800'00fb   0x4  Code  Gb  low_level_init.o [2]
__vector_table           0x800'0000        Data  Gb  vector_table_M.o [3]
_call_main               0x800'00e9        Code  Gb  cmain.o [3]
_exit                    0x800'0105        Code  Gb  cexit.o [3]
_main                    0x800'00f7        Code  Gb  cmain.o [3]
counter                 0x2000'0000   0x4  Data  Gb  main.o [1]
exit                     0x800'00ff   0x4  Code  Gb  exit.o [2]
main                     0x800'007d  0x28  Code  Gb  main.o [1]


[1] = \\vmware-host\Shared Folders\shared-folders\embsys100\embsys100\assignment02\Debug\Obj
[2] = dl7M_tln.a
[3] = rt7M_tl.a
[4] = shb_l.a

    288 bytes of readonly  code memory
     16 bytes of readonly  data memory
  8'196 bytes of readwrite data memory

Errors: none
Warnings: none
