###############################################################################
#
# IAR ELF Linker V8.40.1.212/W32 for ARM                  17/Nov/2019  21:05:57
# Copyright 2007-2019 IAR Systems AB.
#
#    Output file  =
#        \\vmware-host\Shared
#        Folders\shared-folders\embsys100\embsys100\assignment4\function\Debug\Exe\main.out
#    Map file     =
#        \\vmware-host\Shared
#        Folders\shared-folders\embsys100\embsys100\assignment4\function\Debug\List\main.map
#    Command line =
#        -f C:\Users\jim\AppData\Local\Temp\EW13B9.tmp ("\\vmware-host\Shared
#        Folders\shared-folders\embsys100\embsys100\assignment4\function\Debug\Obj\main.o"
#        --no_out_extension -o "\\vmware-host\Shared
#        Folders\shared-folders\embsys100\embsys100\assignment4\function\Debug\Exe\main.out"
#        --redirect _Printf=_PrintfFullNoMb --redirect _Scanf=_ScanfFullNoMb
#        --map "\\vmware-host\Shared
#        Folders\shared-folders\embsys100\embsys100\assignment4\function\Debug\List\main.map"
#        --config "C:\Program Files (x86)\IAR Systems\Embedded Workbench
#        8.3\arm\CONFIG\generic_cortex.icf" --semihosting --entry
#        __iar_program_start --vfe --text_out locale)
#
###############################################################################

*******************************************************************************
*** RUNTIME MODEL ATTRIBUTES
***

CppFlavor       = *
__SystemLibrary = DLib
__dlib_version  = 6


*******************************************************************************
*** HEAP SELECTION
***

The basic heap was selected because some modules are built with
size limitations (and not runtime checking), and --advanced_heap
was not specified.


*******************************************************************************
*** PLACEMENT SUMMARY
***

"A0":  place at address 0x0 { ro section .intvec };
"P1":  place in [from 0x0 to 0x7'ffff] { ro };
define block CSTACK with size = 1K, alignment = 8 { };
define block PROC_STACK with size = 0, alignment = 8 { };
define block HEAP with size = 2K, alignment = 8 { };
"P2":  place in [from 0x2000'0000 to 0x2000'ffff] {
          rw, block CSTACK, block PROC_STACK, block HEAP };

No sections matched the following patterns:

  rw  in "P2"


  Section   Kind         Address   Size  Object
  -------   ----         -------   ----  ------
"A0":                              0x40
  .intvec   ro code          0x0   0x40  vector_table_M.o [4]
                          - 0x40   0x40

"P1":                             0x140
  .text     ro code         0x40   0xc8  main.o [1]
  .text     ro code        0x108   0x22  fpinit_M.o [3]
  .text     ro code        0x12a    0x2  vector_table_M.o [4]
  .text     ro code        0x12c   0x1e  cmain.o [4]
  .text     ro code        0x14a    0x4  low_level_init.o [2]
  .text     ro code        0x14e    0x4  exit.o [2]
  .text     ro code        0x154    0xa  cexit.o [4]
  .text     ro code        0x160   0x14  exit.o [5]
  .text     ro code        0x174    0xc  cstartup_M.o [4]
                         - 0x180  0x140

"P2":                             0x400
  CSTACK             0x2000'0000  0x400  <Block>
    CSTACK  uninit   0x2000'0000  0x400  <Block tail>
                   - 0x2000'0400  0x400

Unused ranges:

         From           To      Size
         ----           --      ----
        0x180     0x7'ffff  0x7'fe80
  0x2000'0400  0x2000'ffff    0xfc00



*******************************************************************************
*** MODULE SUMMARY
***

    Module            ro code  rw data
    ------            -------  -------
command line/config:
    ----------------------------------
    Total:

\\vmware-host\Shared Folders\shared-folders\embsys100\embsys100\assignment4\function\Debug\Obj: [1]
    main.o                200
    ----------------------------------
    Total:                200

dl7M_tln.a: [2]
    exit.o                  4
    low_level_init.o        4
    ----------------------------------
    Total:                  8

m7M_tls.a: [3]
    fpinit_M.o             34
    ----------------------------------
    Total:                 34

rt7M_tl.a: [4]
    cexit.o                10
    cmain.o                30
    cstartup_M.o           12
    vector_table_M.o       66
    ----------------------------------
    Total:                118

shb_l.a: [5]
    exit.o                 20
    ----------------------------------
    Total:                 20

    Gaps                    4
    Linker created               1'024
--------------------------------------
    Grand Total:          384    1'024


*******************************************************************************
*** ENTRY LIST
***

Entry                     Address  Size  Type      Object
-----                     -------  ----  ----      ------
?main                       0x12d        Code  Gb  cmain.o [4]
CSTACK$$Base          0x2000'0000         --   Gb  - Linker created -
CSTACK$$Limit         0x2000'0400         --   Gb  - Linker created -
Region$$Table$$Base           0x0         --   Gb  - Linker created -
Region$$Table$$Limit          0x0         --   Gb  - Linker created -
__cmain                     0x12d        Code  Gb  cmain.o [4]
__exit                      0x161  0x14  Code  Gb  exit.o [5]
__iar_init_vfp              0x109        Code  Gb  fpinit_M.o [3]
__iar_program_start         0x175        Code  Gb  cstartup_M.o [4]
__low_level_init            0x14b   0x4  Code  Gb  low_level_init.o [2]
__vector_table                0x0        Data  Gb  vector_table_M.o [4]
_call_main                  0x139        Code  Gb  cmain.o [4]
_exit                       0x155        Code  Gb  cexit.o [4]
_main                       0x147        Code  Gb  cmain.o [4]
exit                        0x14f   0x4  Code  Gb  exit.o [2]
expand2                      0x59  0x24  Code  Gb  main.o [1]
expand4                      0x7d  0x50  Code  Gb  main.o [1]
get                          0x55   0x4  Code  Gb  main.o [1]
main                         0x41  0x14  Code  Gb  main.o [1]
sum8                         0xcd  0x3c  Code  Gb  main.o [1]


[1] = \\vmware-host\Shared Folders\shared-folders\embsys100\embsys100\assignment4\function\Debug\Obj
[2] = dl7M_tln.a
[3] = m7M_tls.a
[4] = rt7M_tl.a
[5] = shb_l.a

    384 bytes of readonly  code memory
  1'024 bytes of readwrite data memory

Errors: none
Warnings: none
