###############################################################################
#
# IAR ELF Linker V8.40.1.212/W32 for ARM                  27/Oct/2019  22:47:41
# Copyright 2007-2019 IAR Systems AB.
#
#    Output file  =
#        \\vmware-host\Shared
#        Folders\shared-folders\embsys100\embsys100\assignment03\Debug\Exe\assignment03.out
#    Map file     =
#        \\vmware-host\Shared
#        Folders\shared-folders\embsys100\embsys100\assignment03\Debug\List\assignment03.map
#    Command line =
#        -f C:\Users\jim\AppData\Local\Temp\EW2DA9.tmp ("\\vmware-host\Shared
#        Folders\shared-folders\embsys100\embsys100\assignment03\Debug\Obj\main.o"
#        --no_out_extension -o "\\vmware-host\Shared
#        Folders\shared-folders\embsys100\embsys100\assignment03\Debug\Exe\assignment03.out"
#        --redirect _Printf=_PrintfFullNoMb --redirect _Scanf=_ScanfFullNoMb
#        --map "\\vmware-host\Shared
#        Folders\shared-folders\embsys100\embsys100\assignment03\Debug\List\assignment03.map"
#        --config "C:\Program Files (x86)\IAR Systems\Embedded Workbench
#        8.3\arm\config\linker\ST\stm32f401xE.icf" --semihosting --entry
#        __iar_program_start --vfe --text_out locale)
#
###############################################################################

*******************************************************************************
*** RUNTIME MODEL ATTRIBUTES
***

CppFlavor       = *
__SystemLibrary = DLib
__dlib_version  = 6


*******************************************************************************
*** HEAP SELECTION
***

The basic heap was selected because some modules are built with
size limitations (and not runtime checking), and --advanced_heap
was not specified.


*******************************************************************************
*** PLACEMENT SUMMARY
***

"A0":  place at address 0x800'0000 { ro section .intvec };
"P1":  place in [from 0x800'0000 to 0x807'ffff] { ro };
define block CSTACK with size = 8K, alignment = 8 { };
define block HEAP with size = 8K, alignment = 8 { };
"P2":  place in [from 0x2000'0000 to 0x2001'7fff] {
          rw, block CSTACK, block HEAP };
initialize by copy { rw };

  Section            Kind         Address    Size  Object
  -------            ----         -------    ----  ------
"A0":                                        0x40
  .intvec            ro code   0x800'0000    0x40  vector_table_M.o [3]
                             - 0x800'0040    0x40

"P1":                                       0x224
  .text              ro code   0x800'0040    0xd8  main.o [1]
  .text              ro code   0x800'0118    0x2e  copy_init3.o [3]
  .text              ro code   0x800'0146     0x2  vector_table_M.o [3]
  .text              ro code   0x800'0148    0x28  data_init.o [3]
  .iar.init_table    const     0x800'0170    0x14  - Linker created -
  .rodata            const     0x800'0184    0x20  main.o [1]
  .text              ro code   0x800'01a4    0x1e  cmain.o [3]
  .text              ro code   0x800'01c2     0x4  low_level_init.o [2]
  .text              ro code   0x800'01c6     0x4  exit.o [2]
  .text              ro code   0x800'01cc     0xa  cexit.o [3]
  .text              ro code   0x800'01d8    0x14  exit.o [4]
  .rodata            const     0x800'01ec    0x18  main.o [1]
  Initializer bytes  const     0x800'0204    0x18  <for P2-1>
  .rodata            const     0x800'021c    0x10  main.o [1]
  .rodata            const     0x800'022c    0x10  main.o [1]
  .text              ro code   0x800'023c     0xc  cstartup_M.o [3]
  .rodata            const     0x800'0248     0x8  main.o [1]
  .rodata            const     0x800'0250     0x8  main.o [1]
  .rodata            const     0x800'0258     0x8  main.o [1]
  .rodata            const     0x800'0260     0x4  main.o [1]
  .rodata            const     0x800'0264     0x0  copy_init3.o [3]
                             - 0x800'0264   0x224

"P2", part 1 of 2:                           0x18
  P2-1                        0x2000'0000    0x18  <Init block>
    .data            inited   0x2000'0000    0x18  main.o [1]
                            - 0x2000'0018    0x18

"P2", part 2 of 2:                         0x2000
  CSTACK                      0x2000'0018  0x2000  <Block>
    CSTACK           uninit   0x2000'0018  0x2000  <Block tail>
                            - 0x2000'2018  0x2000

Unused ranges:

         From           To      Size
         ----           --      ----
   0x800'0264   0x807'ffff  0x7'fd9c
  0x2000'2018  0x2001'7fff  0x1'5fe8


*******************************************************************************
*** INIT TABLE
***

          Address      Size
          -------      ----
Copy (__iar_copy_init3)
    1 source range, total size 0x18:
           0x800'0204  0x18
    1 destination range, total size 0x18:
          0x2000'0000  0x18



*******************************************************************************
*** MODULE SUMMARY
***

    Module            ro code  ro data  rw data
    ------            -------  -------  -------
command line/config:
    -------------------------------------------
    Total:

\\vmware-host\Shared Folders\shared-folders\embsys100\embsys100\assignment03\Debug\Obj: [1]
    main.o                216      140       24
    -------------------------------------------
    Total:                216      140       24

dl7M_tln.a: [2]
    exit.o                  4
    low_level_init.o        4
    -------------------------------------------
    Total:                  8

rt7M_tl.a: [3]
    cexit.o                10
    cmain.o                30
    copy_init3.o           46
    cstartup_M.o           12
    data_init.o            40
    vector_table_M.o       66
    -------------------------------------------
    Total:                204

shb_l.a: [4]
    exit.o                 20
    -------------------------------------------
    Total:                 20

    Gaps                    4
    Linker created                  20    8'192
-----------------------------------------------
    Grand Total:          452      160    8'216


*******************************************************************************
*** ENTRY LIST
***

Entry                       Address  Size  Type      Object
-----                       -------  ----  ----      ------
.iar.init_table$$Base    0x800'0170         --   Gb  - Linker created -
.iar.init_table$$Limit   0x800'0184         --   Gb  - Linker created -
?main                    0x800'01a5        Code  Gb  cmain.o [3]
A                        0x800'021c  0x10  Data  Gb  main.o [1]
CHAR_SPACE_ARR           0x800'0250   0x8  Data  Gb  main.o [1]
COUNTER_CYCLES           0x800'0260   0x4  Data  Gb  main.o [1]
CSTACK$$Base            0x2000'0018         --   Gb  - Linker created -
CSTACK$$Limit           0x2000'2018         --   Gb  - Linker created -
E                        0x800'0248   0x8  Data  Gb  main.o [1]
J                        0x800'0184  0x20  Data  Gb  main.o [1]
M                        0x800'022c  0x10  Data  Gb  main.o [1]
NAME                    0x2000'0000  0x18  Data  Gb  main.o [1]
Region$$Table$$Base      0x800'0170         --   Gb  - Linker created -
Region$$Table$$Limit     0x800'0184         --   Gb  - Linker created -
S                        0x800'01ec  0x18  Data  Gb  main.o [1]
WORD_SPACE_ARR           0x800'0258   0x8  Data  Gb  main.o [1]
__cmain                  0x800'01a5        Code  Gb  cmain.o [3]
__exit                   0x800'01d9  0x14  Code  Gb  exit.o [4]
__iar_copy_init3         0x800'0119  0x2e  Code  Gb  copy_init3.o [3]
__iar_data_init3         0x800'0149  0x28  Code  Gb  data_init.o [3]
__iar_program_start      0x800'023d        Code  Gb  cstartup_M.o [3]
__low_level_init         0x800'01c3   0x4  Code  Gb  low_level_init.o [2]
__vector_table           0x800'0000        Data  Gb  vector_table_M.o [3]
_call_main               0x800'01b1        Code  Gb  cmain.o [3]
_exit                    0x800'01cd        Code  Gb  cexit.o [3]
_main                    0x800'01bf        Code  Gb  cmain.o [3]
enable_peripheral_clock
                         0x800'0061   0xc  Code  Gb  main.o [1]
exit                     0x800'01c7   0x4  Code  Gb  exit.o [2]
main                     0x800'00e9  0x14  Code  Gb  main.o [1]
morse_from_arr           0x800'0091  0x2c  Code  Gb  main.o [1]
morse_word_from_arr      0x800'00bd  0x2c  Code  Gb  main.o [1]
set_gpio5_output         0x800'006d   0xc  Code  Gb  main.o [1]
set_gpioa_high           0x800'0079   0xc  Code  Gb  main.o [1]
set_gpioa_low            0x800'0085   0xc  Code  Gb  main.o [1]
wait_unit                0x800'0041  0x20  Code  Gb  main.o [1]


[1] = \\vmware-host\Shared Folders\shared-folders\embsys100\embsys100\assignment03\Debug\Obj
[2] = dl7M_tln.a
[3] = rt7M_tl.a
[4] = shb_l.a

    452 bytes of readonly  code memory
    160 bytes of readonly  data memory
  8'216 bytes of readwrite data memory

Errors: none
Warnings: none
